// Jest Snapshot v1, https://goo.gl/fbAQLP

exports[`Country Change Button  1`] = `
<button
  className="changeCountry"
  onClick={undefined}
  style={
    Object {
      "backgroundColor": "#555555",
      "border": "none",
      "color": "#ffffff",
      "display": "inlineBlock",
      "fontSize": "16px",
      "padding": "15px 32px",
      "textAlign": "center",
      "textDecoration": "none",
    }
  }
>
  Switch Country
</button>
`;
